******************************************************************************
                  TI ARM Linker PC v20.2.7                     
******************************************************************************
>> Linked Fri Jan 17 22:48:54 2025

OUTPUT FILE NAME:   <proje 6.out>
ENTRY POINT SYMBOL: "_c_int00_noargs"  address: 00002e91


MEMORY CONFIGURATION

         name            origin    length      used     unused   attr    fill
----------------------  --------  ---------  --------  --------  ----  --------
  FLASH                 00000000   00040000  000032b3  0003cd4d  R  X
  SRAM                  20000000   00008000  000005c0  00007a40  RW X


SEGMENT ALLOCATION MAP

run origin  load origin   length   init length attrs members
----------  ----------- ---------- ----------- ----- -------
00000000    00000000    000032b8   000032b8    r-x
  00000000    00000000    0000026c   0000026c    r-- .intvecs
  0000026c    0000026c    00002eb6   00002eb6    r-x .text
  00003122    00003122    00000101   00000101    r-- .const
  00003228    00003228    00000090   00000090    r-- .cinit
20000000    20000000    000005c0   00000000    rw-
  20000000    20000000    00000200   00000000    rw- .stack
  20000200    20000200    000001e8   00000000    rw- .data
  200003e8    200003e8    000001c8   00000000    rw- .bss
  200005b0    200005b0    00000010   00000000    rw- .sysmem


SECTION ALLOCATION MAP

 output                                  attributes/
section   page    origin      length       input sections
--------  ----  ----------  ----------   ----------------
.intvecs   0    00000000    0000026c     
                  00000000    0000026c     tm4c123gh6pm_startup_ccs.obj (.intvecs)

.text      0    0000026c    00002eb6     
                  0000026c    00000a4e     rtsv7M4_T_le_v4SPD16_eabi.lib : _printfi.c.obj (.text:__TI_printfi)
                  00000cba    00000002                                   : _lock.c.obj (.text:_nop)
                  00000cbc    00000270                                   : _printfi.c.obj (.text:_pconv_a)
                  00000f2c    000001d0                                   : _printfi.c.obj (.text:_pconv_g)
                  000010fc    000001b6                                   : fd_add_t2.asm.obj (.text)
                  000012b2    00000002                                   : div0.asm.obj (.text)
                  000012b4    0000013c                                   : _printfi.c.obj (.text:_pconv_e)
                  000013f0    00000136                                   : fd_div_t2.asm.obj (.text)
                  00001526    00000002     --HOLE-- [fill = 0]
                  00001528    00000124                                   : _printfi.c.obj (.text:fcvt)
                  0000164c    00000114                                   : fputs.c.obj (.text:fputs)
                  00001760    00000110                                   : s_scalbn.c.obj (.text:scalbn)
                  00001870    00000100                                   : memory.c.obj (.text:aligned_alloc)
                  00001970    000000fc                                   : fd_mul_t2.asm.obj (.text)
                  00001a6c    000000f4     driverlib.lib : sysctl.obj (.text:SysCtlClockSet)
                  00001b60    000000f0     main.obj (.text)
                  00001c50    000000e4     rtsv7M4_T_le_v4SPD16_eabi.lib : memory.c.obj (.text:free)
                  00001d34    000000dc                                   : setvbuf.c.obj (.text:setvbuf)
                  00001e10    000000b4                                   : s_cosf.c.obj (.text:cosf)
                  00001ec4    000000b1                                   : _printfi.c.obj (.text:_ltostr)
                  00001f75    00000003     --HOLE-- [fill = 0]
                  00001f78    000000ac                                   : s_tanf.c.obj (.text:tanf)
                  00002024    000000a4                                   : s_sinf.c.obj (.text:sinf)
                  000020c8    0000009c                                   : memcpy_t2.asm.obj (.text)
                  00002164    00000096                                   : ull_div_t2.asm.obj (.text)
                  000021fa    00000002     --HOLE-- [fill = 0]
                  000021fc    0000008c                                   : fputc.c.obj (.text:fputc)
                  00002288    00000086                                   : fd_cmp_t2.asm.obj (.text:__aeabi_cdcmple)
                  0000230e    00000086                                   : fd_cmp_t2.asm.obj (.text:__aeabi_cdrcmple)
                  00002394    0000007a                                   : memset_t2.asm.obj (.text)
                  0000240e    00000002     --HOLE-- [fill = 0]
                  00002410    00000074                                   : fclose.c.obj (.text:__TI_closefile)
                  00002484    00000070                                   : memory.c.obj (.text:split)
                  000024f4    0000006e                                   : _printfi.c.obj (.text:_mcpy)
                  00002562    0000006e                                   : fd_tos_t2.asm.obj (.text)
                  000025d0    0000006c                                   : hostrename.c.obj (.text:HOSTrename)
                  0000263c    00000068                                   : hostlseek.c.obj (.text:HOSTlseek)
                  000026a4    00000068                                   : copy_decompress_lzss.c.obj (.text:decompress:lzss:__TI_decompress_lzss)
                  0000270c    00000068                                   : printf.c.obj (.text:printf)
                  00002774    00000064                                   : s_frexp.c.obj (.text:frexp)
                  000027d8    00000064                                   : fseek.c.obj (.text:fseek)
                  0000283c    00000062                                   : _io_perm.c.obj (.text:__TI_wrt_ok)
                  0000289e    00000002     --HOLE-- [fill = 0]
                  000028a0    00000060                                   : hostopen.c.obj (.text:HOSTopen)
                  00002900    0000005c                                   : close.c.obj (.text:close)
                  0000295c    00000058                                   : hostread.c.obj (.text:HOSTread)
                  000029b4    00000058                                   : hostwrite.c.obj (.text:HOSTwrite)
                  00002a0c    00000056                                   : _printfi.c.obj (.text:_pconv_f)
                  00002a62    00000054                                   : _ltoa.c.obj (.text:__TI_ltoa)
                  00002ab6    00000052                                   : _printfi.c.obj (.text:_ecpy)
                  00002b08    0000004c                                   : fflush.c.obj (.text:__TI_doflush)
                  00002b54    0000004c                                   : atoi.c.obj (.text:atoi)
                  00002ba0    00000048                                   : exit.c.obj (.text:exit)
                  00002be8    00000048                                   : fd_toi_t2.asm.obj (.text)
                  00002c30    00000044                                   : hostclose.c.obj (.text:HOSTclose)
                  00002c74    00000044                                   : hostunlink.c.obj (.text:HOSTunlink)
                  00002cb8    00000044                                   : autoinit.c.obj (.text:__TI_auto_init_nobinit_nopinit:__TI_auto_init_nobinit_nopinit)
                  00002cfc    00000044                                   : getdevice.c.obj (.text:getdevice)
                  00002d40    0000003e                                   : _printfi.c.obj (.text:_fcpy)
                  00002d7e    00000002     --HOLE-- [fill = 0]
                  00002d80    00000038                                   : trgmsg.c.obj (.text:__TI_writemsg)
                  00002db8    00000038                                   : fs_tod_t2.asm.obj (.text)
                  00002df0    00000036                                   : strncpy.c.obj (.text:strncpy)
                  00002e26    00000002     --HOLE-- [fill = 0]
                  00002e28    00000034                                   : fopen.c.obj (.text:__TI_cleanup)
                  00002e5c    00000034                                   : trgmsg.c.obj (.text:__TI_readmsg)
                  00002e90    00000034                                   : boot_cortex_m.c.obj (.text:_c_int00_noargs:_c_int00_noargs)
                  00002ec4    00000030                                   : getdevice.c.obj (.text:finddevice)
                  00002ef4    0000002e                                   : i_tofd_t2.asm.obj (.text)
                  00002f22    00000002     --HOLE-- [fill = 0]
                  00002f24    0000002c                                   : unlink.c.obj (.text:unlink)
                  00002f50    00000028                                   : memory.c.obj (.text:free_list_insert)
                  00002f78    00000028                                   : lseek.c.obj (.text:lseek)
                  00002fa0    00000028                                   : write.c.obj (.text:write)
                  00002fc8    00000020                                   : memchr.c.obj (.text:memchr)
                  00002fe8    0000001c                                   : copy_zero_init.c.obj (.text:decompress:ZI:__TI_zero_init_nomemset:__TI_zero_init_nomemset)
                  00003004    0000001c                                   : memory.c.obj (.text:free_list_remove)
                  00003020    0000001c                                   : memccpy.c.obj (.text:memccpy)
                  0000303c    0000001a                                   : s_copysign.c.obj (.text:copysign)
                  00003056    00000018                                   : strcmp.c.obj (.text:strcmp)
                  0000306e    00000016                                   : strchr.c.obj (.text:strchr)
                  00003084    00000014                                   : strcpy.c.obj (.text:strcpy)
                  00003098    00000014                                   : strlen.c.obj (.text:strlen)
                  000030ac    00000012                                   : wcslen.c.obj (.text:wcslen)
                  000030be    00000002     --HOLE-- [fill = 0]
                  000030c0    00000010     driverlib.lib : fpu.obj (.text:FPUEnable)
                  000030d0    00000010                   : fpu.obj (.text:FPULazyStackingEnable)
                  000030e0    0000000e     rtsv7M4_T_le_v4SPD16_eabi.lib : copy_decompress_none.c.obj (.text:decompress:none:__TI_decompress_none)
                  000030ee    0000000c     tm4c123gh6pm_startup_ccs.obj (.text)
                  000030fa    00000002     --HOLE-- [fill = 0]
                  000030fc    00000008     rtsv7M4_T_le_v4SPD16_eabi.lib : errno.c.obj (.text:__aeabi_errno_addr)
                  00003104    00000008                                   : memory.c.obj (.text:malloc)
                  0000310c    00000006     driverlib.lib : sysctl.obj (.text:SysCtlDelay)
                  00003112    00000004     rtsv7M4_T_le_v4SPD16_eabi.lib : printf.c.obj (.text:_outc)
                  00003116    00000004                                   : printf.c.obj (.text:_outs)
                  0000311a    00000004                                   : pre_init.c.obj (.text:_system_pre_init)
                  0000311e    00000004                                   : exit.c.obj (.text:abort:abort)

.const     0    00003122    00000101     
                  00003122    00000101     rtsv7M4_T_le_v4SPD16_eabi.lib : ctype.c.obj (.const:.string:_ctypes_)

.cinit     0    00003228    00000090     
                  00003228    00000066     (.cinit..data.load) [load image, compression = lzss]
                  0000328e    00000002     --HOLE-- [fill = 0]
                  00003290    0000000c     (__TI_handler_table)
                  0000329c    00000004     --HOLE-- [fill = 0]
                  000032a0    00000008     (.cinit..bss.load) [load image, compression = zero_init]
                  000032a8    00000010     (__TI_cinit_table)

.init_array 
*          0    00000000    00000000     UNINITIALIZED

.stack     0    20000000    00000200     UNINITIALIZED
                  20000000    00000004     rtsv7M4_T_le_v4SPD16_eabi.lib : boot_cortex_m.c.obj (.stack)
                  20000004    000001fc     --HOLE--

.data      0    20000200    000001e8     UNINITIALIZED
                  20000200    000000f0     rtsv7M4_T_le_v4SPD16_eabi.lib : defs.c.obj (.data:_ftable)
                  200002f0    00000078                                   : host_device.c.obj (.data:_device)
                  20000368    00000050                                   : host_device.c.obj (.data:_stream)
                  200003b8    00000010                                   : defs.c.obj (.data)
                  200003c8    0000000c                                   : exit.c.obj (.data:$O1$$)
                  200003d4    00000008                                   : _lock.c.obj (.data:$O1$$)
                  200003dc    00000008                                   : memory.c.obj (.data:$O1$$)
                  200003e4    00000004                                   : errno.c.obj (.data)

.bss       0    200003e8    000001c8     UNINITIALIZED
                  200003e8    00000120     rtsv7M4_T_le_v4SPD16_eabi.lib : trgmsg.c.obj (.bss:_CIOBUF_)
                  20000508    000000a0     (.common:__TI_tmpnams)
                  200005a8    00000008     (.common:parmbuf)

.sysmem    0    200005b0    00000010     UNINITIALIZED
                  200005b0    00000010     rtsv7M4_T_le_v4SPD16_eabi.lib : memory.c.obj (.sysmem)

__llvm_prf_cnts 
*          0    20000000    00000000     UNINITIALIZED

MODULE SUMMARY

       Module                         code    ro data   rw data
       ------                         ----    -------   -------
    .\
       tm4c123gh6pm_startup_ccs.obj   12      620       0      
       main.obj                       240     0         0      
    +--+------------------------------+-------+---------+---------+
       Total:                         252     620       0      
                                                               
    C:/ti/TivaWare_C_Series-2.2.0.295/driverlib/ccs/Debug/driverlib.lib
       sysctl.obj                     250     0         0      
       fpu.obj                        32      0         0      
    +--+------------------------------+-------+---------+---------+
       Total:                         282     0         0      
                                                               
    C:\ti\ccs1281\ccs\tools\compiler\ti-cgt-arm_20.2.7.LTS\lib\rtsv7M4_T_le_v4SPD16_eabi.lib
       _printfi.c.obj                 4851    0         0      
       memory.c.obj                   672     0         8      
       fd_add_t2.asm.obj              438     0         0      
       defs.c.obj                     0       0         416    
       trgmsg.c.obj                   108     0         288    
       fd_div_t2.asm.obj              310     0         0      
       fputs.c.obj                    276     0         0      
       s_scalbn.c.obj                 272     0         0      
       fd_cmp_t2.asm.obj              268     0         0      
       ctype.c.obj                    0       257       0      
       fd_mul_t2.asm.obj              252     0         0      
       setvbuf.c.obj                  220     0         0      
       host_device.c.obj              0       0         200    
       s_cosf.c.obj                   180     0         0      
       s_tanf.c.obj                   172     0         0      
       s_sinf.c.obj                   164     0         0      
       memcpy_t2.asm.obj              156     0         0      
       ull_div_t2.asm.obj             150     0         0      
       fputc.c.obj                    140     0         0      
       memset_t2.asm.obj              122     0         0      
       fclose.c.obj                   116     0         0      
       getdevice.c.obj                116     0         0      
       printf.c.obj                   112     0         0      
       fd_tos_t2.asm.obj              110     0         0      
       hostrename.c.obj               108     0         0      
       copy_decompress_lzss.c.obj     104     0         0      
       hostlseek.c.obj                104     0         0      
       hostopen.c.obj                 96      0         8      
       fseek.c.obj                    100     0         0      
       s_frexp.c.obj                  100     0         0      
       _io_perm.c.obj                 98      0         0      
       close.c.obj                    92      0         0      
       exit.c.obj                     76      0         12     
       hostread.c.obj                 88      0         0      
       hostwrite.c.obj                88      0         0      
       _ltoa.c.obj                    84      0         0      
       atoi.c.obj                     76      0         0      
       fflush.c.obj                   76      0         0      
       fd_toi_t2.asm.obj              72      0         0      
       autoinit.c.obj                 68      0         0      
       hostclose.c.obj                68      0         0      
       hostunlink.c.obj               68      0         0      
       fs_tod_t2.asm.obj              56      0         0      
       strncpy.c.obj                  54      0         0      
       boot_cortex_m.c.obj            52      0         0      
       fopen.c.obj                    52      0         0      
       i_tofd_t2.asm.obj              46      0         0      
       unlink.c.obj                   44      0         0      
       lseek.c.obj                    40      0         0      
       write.c.obj                    40      0         0      
       memchr.c.obj                   32      0         0      
       copy_zero_init.c.obj           28      0         0      
       memccpy.c.obj                  28      0         0      
       s_copysign.c.obj               26      0         0      
       strcmp.c.obj                   24      0         0      
       strchr.c.obj                   22      0         0      
       strcpy.c.obj                   20      0         0      
       strlen.c.obj                   20      0         0      
       wcslen.c.obj                   18      0         0      
       copy_decompress_none.c.obj     14      0         0      
       errno.c.obj                    8       0         4      
       _lock.c.obj                    2       0         8      
       pre_init.c.obj                 4       0         0      
       div0.asm.obj                   2       0         0      
    +--+------------------------------+-------+---------+---------+
       Total:                         11403   257       944    
                                                               
       Heap:                          0       0         16     
       Stack:                         0       0         512    
       Linker Generated:              0       138       0      
    +--+------------------------------+-------+---------+---------+
       Grand Total:                   11937   1015      1472   


LINKER GENERATED COPY TABLES

__TI_cinit_table @ 000032a8 records: 2, size/record: 8, table size: 16
	.data: load addr=00003228, load size=00000066 bytes, run addr=20000200, run size=000001e8 bytes, compression=lzss
	.bss: load addr=000032a0, load size=00000008 bytes, run addr=200003e8, run size=000001c8 bytes, compression=zero_init


LINKER GENERATED HANDLER TABLE

__TI_handler_table @ 00003290 records: 3, size/record: 4, table size: 12
	index: 0, handler: __TI_decompress_lzss
	index: 1, handler: __TI_decompress_none
	index: 2, handler: __TI_zero_init


GLOBAL SYMBOLS: SORTED ALPHABETICALLY BY Name 

address   name                           
-------   ----                           
0000311f  C$$EXIT                        
00002daf  C$$IO$$                        
000030c1  FPUEnable                      
000030d1  FPULazyStackingEnable          
00002c31  HOSTclose                      
0000263d  HOSTlseek                      
000028a1  HOSTopen                       
0000295d  HOSTread                       
000025d1  HOSTrename                     
00002c75  HOSTunlink                     
000029b5  HOSTwrite                      
000030ef  ResetISR                       
00001a6d  SysCtlClockSet                 
0000310d  SysCtlDelay                    
200003e8  __CIOBUF_                      
20000200  __STACK_END                    
00000200  __STACK_SIZE                   
20000200  __STACK_TOP                    
00000010  __SYSMEM_SIZE                  
000032a8  __TI_CINIT_Base                
000032b8  __TI_CINIT_Limit               
00003290  __TI_Handler_Table_Base        
0000329c  __TI_Handler_Table_Limit       
00002cb9  __TI_auto_init_nobinit_nopinit 
00002e29  __TI_cleanup                   
200003c8  __TI_cleanup_ptr               
00002411  __TI_closefile                 
000026a5  __TI_decompress_lzss           
000030e1  __TI_decompress_none           
00002b09  __TI_doflush                   
200003cc  __TI_dtors_ptr                 
200003d0  __TI_enable_exit_profile_output
200003b8  __TI_ft_end                    
00002a63  __TI_ltoa                      
ffffffff  __TI_pprof_out_hndl            
0000026d  __TI_printfi                   
ffffffff  __TI_prof_data_size            
ffffffff  __TI_prof_data_start           
00002e5d  __TI_readmsg                   
00000000  __TI_static_base__             
20000508  __TI_tmpnams                   
00002d81  __TI_writemsg                  
0000283d  __TI_wrt_ok                    
00002fe9  __TI_zero_init_nomemset        
00002289  __aeabi_cdcmpeq                
00002289  __aeabi_cdcmple                
0000230f  __aeabi_cdrcmple               
00002563  __aeabi_d2f                    
00002be9  __aeabi_d2iz                   
00001107  __aeabi_dadd                   
000013f1  __aeabi_ddiv                   
00001971  __aeabi_dmul                   
000010fd  __aeabi_dsub                   
000030fd  __aeabi_errno_addr             
00002db9  __aeabi_f2d                    
00002ef5  __aeabi_i2d                    
000012b3  __aeabi_idiv0                  
000012b3  __aeabi_ldiv0                  
00002395  __aeabi_memclr                 
00002395  __aeabi_memclr4                
00002395  __aeabi_memclr8                
000020c9  __aeabi_memcpy                 
000020c9  __aeabi_memcpy4                
000020c9  __aeabi_memcpy8                
00002397  __aeabi_memset                 
00002397  __aeabi_memset4                
00002397  __aeabi_memset8                
200003c4  __aeabi_stderr                 
200003bc  __aeabi_stdin                  
200003c0  __aeabi_stdout                 
00002165  __aeabi_uldivmod               
ffffffff  __binit__                      
ffffffff  __c_args__                     
UNDEFED   __mpu_init                     
20000000  __stack                        
20000000  __start___llvm_prf_cnts        
20000000  __stop___llvm_prf_cnts         
00002e91  _c_int00_noargs                
00003122  _ctypes_                       
200002f0  _device                        
20000200  _ftable                        
200003d4  _lock                          
00000cbb  _nop                           
20000368  _stream                        
200005b0  _sys_memory                    
UNDEFED   _system_post_cinit             
0000311b  _system_pre_init               
200003d8  _unlock                        
0000311f  abort                          
00001871  aligned_alloc                  
00002b55  atoi                           
ffffffff  binit                          
00002901  close                          
0000303d  copysign                       
0000303d  copysignl                      
00001e11  cosf                           
200003e4  errno                          
00002ba1  exit                           
00002ec5  finddevice                     
00001b61  fpuExample                     
000021fd  fputc                          
0000164d  fputs                          
00001c51  free                           
00002775  frexp                          
00002775  frexpl                         
000027d9  fseek                          
00000000  g_pfnVectors                   
00002cfd  getdevice                      
00001761  ldexp                          
00001761  ldexpl                         
00002f79  lseek                          
00001bf3  main                           
00003105  malloc                         
00001871  memalign                       
00003021  memccpy                        
00002fc9  memchr                         
000020c9  memcpy                         
0000239d  memset                         
200005a8  parmbuf                        
0000270d  printf                         
000021fd  putc                           
00002f25  remove                         
00001761  scalbn                         
00001761  scalbnl                        
00001d35  setvbuf                        
00002025  sinf                           
0000306f  strchr                         
00003057  strcmp                         
00003085  strcpy                         
00003099  strlen                         
00002df1  strncpy                        
00001f79  tanf                           
00002f25  unlink                         
000030ad  wcslen                         
00002fa1  write                          


GLOBAL SYMBOLS: SORTED BY Symbol Address 

address   name                           
-------   ----                           
00000000  __TI_static_base__             
00000000  g_pfnVectors                   
00000010  __SYSMEM_SIZE                  
00000200  __STACK_SIZE                   
0000026d  __TI_printfi                   
00000cbb  _nop                           
000010fd  __aeabi_dsub                   
00001107  __aeabi_dadd                   
000012b3  __aeabi_idiv0                  
000012b3  __aeabi_ldiv0                  
000013f1  __aeabi_ddiv                   
0000164d  fputs                          
00001761  ldexp                          
00001761  ldexpl                         
00001761  scalbn                         
00001761  scalbnl                        
00001871  aligned_alloc                  
00001871  memalign                       
00001971  __aeabi_dmul                   
00001a6d  SysCtlClockSet                 
00001b61  fpuExample                     
00001bf3  main                           
00001c51  free                           
00001d35  setvbuf                        
00001e11  cosf                           
00001f79  tanf                           
00002025  sinf                           
000020c9  __aeabi_memcpy                 
000020c9  __aeabi_memcpy4                
000020c9  __aeabi_memcpy8                
000020c9  memcpy                         
00002165  __aeabi_uldivmod               
000021fd  fputc                          
000021fd  putc                           
00002289  __aeabi_cdcmpeq                
00002289  __aeabi_cdcmple                
0000230f  __aeabi_cdrcmple               
00002395  __aeabi_memclr                 
00002395  __aeabi_memclr4                
00002395  __aeabi_memclr8                
00002397  __aeabi_memset                 
00002397  __aeabi_memset4                
00002397  __aeabi_memset8                
0000239d  memset                         
00002411  __TI_closefile                 
00002563  __aeabi_d2f                    
000025d1  HOSTrename                     
0000263d  HOSTlseek                      
000026a5  __TI_decompress_lzss           
0000270d  printf                         
00002775  frexp                          
00002775  frexpl                         
000027d9  fseek                          
0000283d  __TI_wrt_ok                    
000028a1  HOSTopen                       
00002901  close                          
0000295d  HOSTread                       
000029b5  HOSTwrite                      
00002a63  __TI_ltoa                      
00002b09  __TI_doflush                   
00002b55  atoi                           
00002ba1  exit                           
00002be9  __aeabi_d2iz                   
00002c31  HOSTclose                      
00002c75  HOSTunlink                     
00002cb9  __TI_auto_init_nobinit_nopinit 
00002cfd  getdevice                      
00002d81  __TI_writemsg                  
00002daf  C$$IO$$                        
00002db9  __aeabi_f2d                    
00002df1  strncpy                        
00002e29  __TI_cleanup                   
00002e5d  __TI_readmsg                   
00002e91  _c_int00_noargs                
00002ec5  finddevice                     
00002ef5  __aeabi_i2d                    
00002f25  remove                         
00002f25  unlink                         
00002f79  lseek                          
00002fa1  write                          
00002fc9  memchr                         
00002fe9  __TI_zero_init_nomemset        
00003021  memccpy                        
0000303d  copysign                       
0000303d  copysignl                      
00003057  strcmp                         
0000306f  strchr                         
00003085  strcpy                         
00003099  strlen                         
000030ad  wcslen                         
000030c1  FPUEnable                      
000030d1  FPULazyStackingEnable          
000030e1  __TI_decompress_none           
000030ef  ResetISR                       
000030fd  __aeabi_errno_addr             
00003105  malloc                         
0000310d  SysCtlDelay                    
0000311b  _system_pre_init               
0000311f  C$$EXIT                        
0000311f  abort                          
00003122  _ctypes_                       
00003290  __TI_Handler_Table_Base        
0000329c  __TI_Handler_Table_Limit       
000032a8  __TI_CINIT_Base                
000032b8  __TI_CINIT_Limit               
20000000  __stack                        
20000000  __start___llvm_prf_cnts        
20000000  __stop___llvm_prf_cnts         
20000200  __STACK_END                    
20000200  __STACK_TOP                    
20000200  _ftable                        
200002f0  _device                        
20000368  _stream                        
200003b8  __TI_ft_end                    
200003bc  __aeabi_stdin                  
200003c0  __aeabi_stdout                 
200003c4  __aeabi_stderr                 
200003c8  __TI_cleanup_ptr               
200003cc  __TI_dtors_ptr                 
200003d0  __TI_enable_exit_profile_output
200003d4  _lock                          
200003d8  _unlock                        
200003e4  errno                          
200003e8  __CIOBUF_                      
20000508  __TI_tmpnams                   
200005a8  parmbuf                        
200005b0  _sys_memory                    
ffffffff  __TI_pprof_out_hndl            
ffffffff  __TI_prof_data_size            
ffffffff  __TI_prof_data_start           
ffffffff  __binit__                      
ffffffff  __c_args__                     
ffffffff  binit                          
UNDEFED   __mpu_init                     
UNDEFED   _system_post_cinit             

[135 symbols]
