******************************************************************************
                  TI ARM Linker PC v20.2.7                     
******************************************************************************
>> Linked Tue Jan  7 21:31:45 2025

OUTPUT FILE NAME:   <proje 5.out>
ENTRY POINT SYMBOL: "_c_int00_noargs"  address: 000007c9


MEMORY CONFIGURATION

         name            origin    length      used     unused   attr    fill
----------------------  --------  ---------  --------  --------  ----  --------
  FLASH                 00000000   00040000  000009e6  0003f61a  R  X
  SRAM                  20000000   00008000  0000046c  00007b94  RW X


SEGMENT ALLOCATION MAP

run origin  load origin   length   init length attrs members
----------  ----------- ---------- ----------- ----- -------
00000000    00000000    000009ec   000009ec    r-x
  00000000    00000000    0000026c   0000026c    r-- .intvecs
  0000026c    0000026c    000006e6   000006e6    r-x .text
  00000954    00000954    00000080   00000080    r-- .const
  000009d8    000009d8    00000014   00000014    r-- .cinit
20000000    20000000    00000470   00000000    rw-
  20000000    20000000    0000026c   00000000    rw- .vtable
  20000270    20000270    00000200   00000000    rw- .stack


SECTION ALLOCATION MAP

 output                                  attributes/
section   page    origin      length       input sections
--------  ----  ----------  ----------   ----------------
.intvecs   0    00000000    0000026c     
                  00000000    0000026c     tm4c123gh6pm_startup_ccs.obj (.intvecs)

.text      0    0000026c    000006e6     
                  0000026c    0000016c     driverlib.lib : gpio.obj (.text:GPIOPadConfigSet)
                  000003d8    00000118                   : sysctl.obj (.text:SysCtlClockGet)
                  000004f0    000000f4                   : sysctl.obj (.text:SysCtlClockSet)
                  000005e4    0000006c     main.obj (.text)
                  00000650    00000068     driverlib.lib : interrupt.obj (.text:IntEnable)
                  000006b8    00000064                   : hibernate.obj (.text:HibernateWakeSet)
                  0000071c    00000044     rtsv7M4_T_le_v4SPD16_eabi.lib : autoinit.c.obj (.text:__TI_auto_init_nobinit_nopinit:__TI_auto_init_nobinit_nopinit)
                  00000760    00000034     driverlib.lib : interrupt.obj (.text:IntRegister)
                  00000794    00000034                   : sysctl.obj (.text:SysCtlPeripheralEnable)
                  000007c8    00000034     rtsv7M4_T_le_v4SPD16_eabi.lib : boot_cortex_m.c.obj (.text:_c_int00_noargs:_c_int00_noargs)
                  000007fc    0000002c     driverlib.lib : gpio.obj (.text:GPIODirModeSet)
                  00000828    0000002c                   : hibernate.obj (.text:HibernateRTCSet)
                  00000854    00000020                   : hibernate.obj (.text:_HibernateIntNumberGet)
                  00000874    0000001c     rtsv7M4_T_le_v4SPD16_eabi.lib : copy_zero_init.c.obj (.text:decompress:ZI:__TI_zero_init_nomemset:__TI_zero_init_nomemset)
                  00000890    00000018     driverlib.lib : hibernate.obj (.text:HibernateGPIORetentionEnable)
                  000008a8    00000018                   : hibernate.obj (.text:HibernateIntRegister)
                  000008c0    00000016                   : gpio.obj (.text:GPIOPinTypeGPIOInput)
                  000008d6    00000002     --HOLE-- [fill = 0]
                  000008d8    00000014                   : hibernate.obj (.text:HibernateEnableExpClk)
                  000008ec    00000014                   : hibernate.obj (.text:HibernateIntEnable)
                  00000900    00000014                   : hibernate.obj (.text:HibernateRTCEnable)
                  00000914    00000014                   : hibernate.obj (.text:HibernateRequest)
                  00000928    00000010                   : hibernate.obj (.text:_HibernateWriteComplete)
                  00000938    0000000c     tm4c123gh6pm_startup_ccs.obj (.text)
                  00000944    00000006     driverlib.lib : sysctl.obj (.text:SysCtlDelay)
                  0000094a    00000004     rtsv7M4_T_le_v4SPD16_eabi.lib : pre_init.c.obj (.text:_system_pre_init)
                  0000094e    00000004                                   : exit.c.obj (.text:abort:abort)

.const     0    00000954    00000080     
                  00000954    0000006c     driverlib.lib : sysctl.obj (.const:g_pui32Xtals)
                  000009c0    00000014                   : interrupt.obj (.const:g_pui32EnRegs)

.cinit     0    000009d8    00000014     
                  000009d8    00000008     (.cinit..vtable.load) [load image, compression = zero_init]
                  000009e0    00000004     (__TI_handler_table)
                  000009e4    00000008     (__TI_cinit_table)

.init_array 
*          0    00000000    00000000     UNINITIALIZED

.vtable    0    20000000    0000026c     UNINITIALIZED
                  20000000    0000026c     driverlib.lib : interrupt.obj (.vtable)

.stack     0    20000270    00000200     UNINITIALIZED
                  20000270    00000004     rtsv7M4_T_le_v4SPD16_eabi.lib : boot_cortex_m.c.obj (.stack)
                  20000274    000001fc     --HOLE--

__llvm_prf_cnts 
*          0    20000000    00000000     UNINITIALIZED

MODULE SUMMARY

       Module                         code   ro data   rw data
       ------                         ----   -------   -------
    .\
       tm4c123gh6pm_startup_ccs.obj   12     620       0      
       main.obj                       108    0         0      
    +--+------------------------------+------+---------+---------+
       Total:                         120    620       0      
                                                              
    C:/ti/TivaWare_C_Series-2.2.0.295/driverlib/ccs/Debug/driverlib.lib
       interrupt.obj                  156    20        620    
       sysctl.obj                     582    108       0      
       gpio.obj                       430    0         0      
       hibernate.obj                  320    0         0      
    +--+------------------------------+------+---------+---------+
       Total:                         1488   128       620    
                                                              
    C:\ti\ccs1281\ccs\tools\compiler\ti-cgt-arm_20.2.7.LTS\lib\rtsv7M4_T_le_v4SPD16_eabi.lib
       autoinit.c.obj                 68     0         0      
       boot_cortex_m.c.obj            52     0         0      
       copy_zero_init.c.obj           28     0         0      
       exit.c.obj                     4      0         0      
       pre_init.c.obj                 4      0         0      
    +--+------------------------------+------+---------+---------+
       Total:                         156    0         0      
                                                              
       Stack:                         0      0         512    
       Linker Generated:              0      20        0      
    +--+------------------------------+------+---------+---------+
       Grand Total:                   1764   768       1132   


LINKER GENERATED COPY TABLES

__TI_cinit_table @ 000009e4 records: 1, size/record: 8, table size: 8
	.vtable: load addr=000009d8, load size=00000008 bytes, run addr=20000000, run size=0000026c bytes, compression=zero_init


LINKER GENERATED HANDLER TABLE

__TI_handler_table @ 000009e0 records: 1, size/record: 4, table size: 4
	index: 0, handler: __TI_zero_init


GLOBAL SYMBOLS: SORTED ALPHABETICALLY BY Name 

address   name                          
-------   ----                          
0000094f  C$$EXIT                       
000007fd  GPIODirModeSet                
0000026d  GPIOPadConfigSet              
000008c1  GPIOPinTypeGPIOInput          
000005e5  GPIOWakeHandler               
000008d9  HibernateEnableExpClk         
00000891  HibernateGPIORetentionEnable  
000008ed  HibernateIntEnable            
000008a9  HibernateIntRegister          
00000901  HibernateRTCEnable            
00000829  HibernateRTCSet               
00000915  HibernateRequest              
000006b9  HibernateWakeSet              
00000651  IntEnable                     
00000761  IntRegister                   
00000939  ResetISR                      
000003d9  SysCtlClockGet                
000004f1  SysCtlClockSet                
00000945  SysCtlDelay                   
00000795  SysCtlPeripheralEnable        
20000470  __STACK_END                   
00000200  __STACK_SIZE                  
20000470  __STACK_TOP                   
000009e4  __TI_CINIT_Base               
000009ec  __TI_CINIT_Limit              
000009e0  __TI_Handler_Table_Base       
000009e4  __TI_Handler_Table_Limit      
0000071d  __TI_auto_init_nobinit_nopinit
ffffffff  __TI_pprof_out_hndl           
ffffffff  __TI_prof_data_size           
ffffffff  __TI_prof_data_start          
00000000  __TI_static_base__            
00000875  __TI_zero_init_nomemset       
ffffffff  __binit__                     
ffffffff  __c_args__                    
UNDEFED   __mpu_init                    
20000270  __stack                       
20000000  __start___llvm_prf_cnts       
20000000  __stop___llvm_prf_cnts        
000007c9  _c_int00_noargs               
UNDEFED   _system_post_cinit            
0000094b  _system_pre_init              
0000094f  abort                         
ffffffff  binit                         
20000000  g_pfnRAMVectors               
00000000  g_pfnVectors                  
000005e7  main                          


GLOBAL SYMBOLS: SORTED BY Symbol Address 

address   name                          
-------   ----                          
00000000  __TI_static_base__            
00000000  g_pfnVectors                  
00000200  __STACK_SIZE                  
0000026d  GPIOPadConfigSet              
000003d9  SysCtlClockGet                
000004f1  SysCtlClockSet                
000005e5  GPIOWakeHandler               
000005e7  main                          
00000651  IntEnable                     
000006b9  HibernateWakeSet              
0000071d  __TI_auto_init_nobinit_nopinit
00000761  IntRegister                   
00000795  SysCtlPeripheralEnable        
000007c9  _c_int00_noargs               
000007fd  GPIODirModeSet                
00000829  HibernateRTCSet               
00000875  __TI_zero_init_nomemset       
00000891  HibernateGPIORetentionEnable  
000008a9  HibernateIntRegister          
000008c1  GPIOPinTypeGPIOInput          
000008d9  HibernateEnableExpClk         
000008ed  HibernateIntEnable            
00000901  HibernateRTCEnable            
00000915  HibernateRequest              
00000939  ResetISR                      
00000945  SysCtlDelay                   
0000094b  _system_pre_init              
0000094f  C$$EXIT                       
0000094f  abort                         
000009e0  __TI_Handler_Table_Base       
000009e4  __TI_CINIT_Base               
000009e4  __TI_Handler_Table_Limit      
000009ec  __TI_CINIT_Limit              
20000000  __start___llvm_prf_cnts       
20000000  __stop___llvm_prf_cnts        
20000000  g_pfnRAMVectors               
20000270  __stack                       
20000470  __STACK_END                   
20000470  __STACK_TOP                   
ffffffff  __TI_pprof_out_hndl           
ffffffff  __TI_prof_data_size           
ffffffff  __TI_prof_data_start          
ffffffff  __binit__                     
ffffffff  __c_args__                    
ffffffff  binit                         
UNDEFED   __mpu_init                    
UNDEFED   _system_post_cinit            

[47 symbols]
