******************************************************************************
                  TI ARM Linker PC v20.2.1                     
******************************************************************************
>> Linked Thu Nov 12 12:42:46 2020

OUTPUT FILE NAME:   <Odev_1_2.out>
ENTRY POINT SYMBOL: "_c_int00_noargs"  address: 00001669


MEMORY CONFIGURATION

         name            origin    length      used     unused   attr    fill
----------------------  --------  ---------  --------  --------  ----  --------
  FLASH                 00000000   00040000  000019da  0003e626  R  X
  SRAM                  20000000   00008000  0000046c  00007b94  RW X


SEGMENT ALLOCATION MAP

run origin  load origin   length   init length attrs members
----------  ----------- ---------- ----------- ----- -------
00000000    00000000    000019dc   000019dc    r-x
  00000000    00000000    0000026c   0000026c    r-- .intvecs
  0000026c    0000026c    000014de   000014de    r-x .text
  0000174c    0000174c    0000027c   0000027c    r-- .const
  000019c8    000019c8    00000014   00000014    r-- .cinit
20000000    20000000    00000470   00000000    rw-
  20000000    20000000    0000026c   00000000    rw- .vtable
  20000270    20000270    00000200   00000000    rw- .stack


SECTION ALLOCATION MAP

 output                                  attributes/
section   page    origin      length       input sections
--------  ----  ----------  ----------   ----------------
.intvecs   0    00000000    0000026c     
                  00000000    0000026c     tm4c123gh6pm_startup_ccs.obj (.intvecs)

.text      0    0000026c    000014de     
                  0000026c    00001148     lcd.obj (.text)
                  000013b4    0000016c     driverlib.lib : gpio.obj (.text:GPIOPadConfigSet)
                  00001520    00000068                   : interrupt.obj (.text:IntDisable)
                  00001588    00000068                   : interrupt.obj (.text:IntEnable)
                  000015f0    00000044     rtsv7M4_T_le_v4SPD16_eabi.lib : autoinit.c.obj (.text:__TI_auto_init_nobinit_nopinit:__TI_auto_init_nobinit_nopinit)
                  00001634    00000034     driverlib.lib : interrupt.obj (.text:IntRegister)
                  00001668    00000034     rtsv7M4_T_le_v4SPD16_eabi.lib : boot_cortex_m.c.obj (.text:_c_int00_noargs:_c_int00_noargs)
                  0000169c    0000002c     driverlib.lib : gpio.obj (.text:GPIODirModeSet)
                  000016c8    0000001c     rtsv7M4_T_le_v4SPD16_eabi.lib : copy_zero_init.c.obj (.text:decompress:ZI:__TI_zero_init_nomemset:__TI_zero_init_nomemset)
                  000016e4    0000001a     driverlib.lib : gpio.obj (.text:GPIOPinTypeGPIOOutput)
                  000016fe    00000002                   : interrupt.obj (.text:_IntDefaultHandler)
                  00001700    00000014                   : interrupt.obj (.text:IntUnregister)
                  00001714    00000012     main.obj (.text)
                  00001726    0000000c     tm4c123gh6pm_startup_ccs.obj (.text)
                  00001732    00000006     driverlib.lib : gpio.obj (.text:GPIOPinWrite)
                  00001738    00000006     lcd.obj (.text:SysCtlDelay)
                  0000173e    00000004     driverlib.lib : cpu.obj (.text:CPUwfi)
                  00001742    00000004     rtsv7M4_T_le_v4SPD16_eabi.lib : pre_init.c.obj (.text:_system_pre_init)
                  00001746    00000004                                   : exit.c.obj (.text:abort:abort)

.const     0    0000174c    0000027c     
                  0000174c    000001b0     lcd.obj (.const:g_pppui32XTALtoVCO)
                  000018fc    0000006c     lcd.obj (.const:g_pui32Xtals)
                  00001968    00000030     lcd.obj (.const:g_sXTALtoMEMTIM)
                  00001998    00000014     driverlib.lib : interrupt.obj (.const:g_pui32Dii16Regs)
                  000019ac    00000014                   : interrupt.obj (.const:g_pui32EnRegs)
                  000019c0    00000008     lcd.obj (.const:g_pui32VCOFrequencies)

.cinit     0    000019c8    00000014     
                  000019c8    00000008     (.cinit..vtable.load) [load image, compression = zero_init]
                  000019d0    00000004     (__TI_handler_table)
                  000019d4    00000008     (__TI_cinit_table)

.init_array 
*          0    00000000    00000000     UNINITIALIZED

.vtable    0    20000000    0000026c     UNINITIALIZED
                  20000000    0000026c     driverlib.lib : interrupt.obj (.vtable)

.stack     0    20000270    00000200     UNINITIALIZED
                  20000270    00000004     rtsv7M4_T_le_v4SPD16_eabi.lib : boot_cortex_m.c.obj (.stack)
                  20000274    000001fc     --HOLE--

__llvm_prf_cnts 
*          0    20000000    00000000     UNINITIALIZED

MODULE SUMMARY

       Module                         code   ro data   rw data
       ------                         ----   -------   -------
    .\
       lcd.obj                        4430   596       0      
       tm4c123gh6pm_startup_ccs.obj   12     620       0      
       main.obj                       18     0         0      
    +--+------------------------------+------+---------+---------+
       Total:                         4460   1216      0      
                                                              
    C:/ti/TivaWare_C_Series-2.2.0.295/driverlib/ccs/Debug/driverlib.lib
       interrupt.obj                  282    40        620    
       gpio.obj                       440    0         0      
       cpu.obj                        4      0         0      
    +--+------------------------------+------+---------+---------+
       Total:                         726    40        620    
                                                              
    C:\ti\ccs1011\ccs\tools\compiler\ti-cgt-arm_20.2.1.LTS\lib\rtsv7M4_T_le_v4SPD16_eabi.lib
       autoinit.c.obj                 68     0         0      
       boot_cortex_m.c.obj            52     0         0      
       copy_zero_init.c.obj           28     0         0      
       exit.c.obj                     4      0         0      
       pre_init.c.obj                 4      0         0      
    +--+------------------------------+------+---------+---------+
       Total:                         156    0         0      
                                                              
       Stack:                         0      0         512    
       Linker Generated:              0      20        0      
    +--+------------------------------+------+---------+---------+
       Grand Total:                   5342   1276      1132   


LINKER GENERATED COPY TABLES

__TI_cinit_table @ 000019d4 records: 1, size/record: 8, table size: 8
	.vtable: load addr=000019c8, load size=00000008 bytes, run addr=20000000, run size=0000026c bytes, compression=zero_init


LINKER GENERATED HANDLER TABLE

__TI_handler_table @ 000019d0 records: 1, size/record: 4, table size: 4
	index: 0, handler: __TI_zero_init


GLOBAL SYMBOLS: SORTED ALPHABETICALLY BY Name 

address   name                            
-------   ----                            
00001747  C$$EXIT                         
0000173f  CPUwfi                          
0000169d  GPIODirModeSet                  
000013b5  GPIOPadConfigSet                
000016e5  GPIOPinTypeGPIOOutput           
00001733  GPIOPinWrite                    
00001521  IntDisable                      
00001589  IntEnable                       
00001635  IntRegister                     
00001701  IntUnregister                   
000011f5  LcdIlkAyar                      
00001225  LcdKomut                        
000012a9  LcdTemizle                      
0000130d  LcdYaz                          
00001727  ResetISR                        
000012b9  SatirSutun                      
000011a9  SysCtlAltClkConfig              
000008d1  SysCtlClockFreqSet              
00000d99  SysCtlClockGet                  
0000118d  SysCtlClockOutConfig            
00000bc9  SysCtlClockSet                  
000007d5  SysCtlDeepSleep                 
00000f5d  SysCtlDeepSleepClockConfigSet   
00000f3f  SysCtlDeepSleepClockSet         
000007b5  SysCtlDeepSleepPowerSet         
00001739  SysCtlDelay                     
00000363  SysCtlFlashSectorSizeGet        
00000337  SysCtlFlashSizeGet              
00001033  SysCtlGPIOAHBDisable            
00001017  SysCtlGPIOAHBEnable             
00000749  SysCtlIntClear                  
00000731  SysCtlIntDisable                
0000071d  SysCtlIntEnable                 
000006f5  SysCtlIntRegister               
00000759  SysCtlIntStatus                 
0000070d  SysCtlIntUnregister             
0000079b  SysCtlLDODeepSleepGet           
0000078b  SysCtlLDODeepSleepSet           
00000785  SysCtlLDOSleepGet               
00000775  SysCtlLDOSleepSet               
0000080b  SysCtlMOSCConfigSet             
00001171  SysCtlNMIClear                  
0000115d  SysCtlNMIStatus                 
00000821  SysCtlPIOSCCalibrate            
00001001  SysCtlPWMClockGet               
00000fe7  SysCtlPWMClockSet               
000006a1  SysCtlPeripheralClockGating     
00000659  SysCtlPeripheralDeepSleepDisable
00000609  SysCtlPeripheralDeepSleepEnable 
00000545  SysCtlPeripheralDisable         
00000509  SysCtlPeripheralEnable          
00000445  SysCtlPeripheralPowerOff        
00000409  SysCtlPeripheralPowerOn         
00000389  SysCtlPeripheralPresent         
000003c9  SysCtlPeripheralReady           
00000481  SysCtlPeripheralReset           
000005cd  SysCtlPeripheralSleepDisable    
00000589  SysCtlPeripheralSleepEnable     
000007c5  SysCtlReset                     
00000881  SysCtlResetBehaviorGet          
00000871  SysCtlResetBehaviorSet          
000007f7  SysCtlResetCauseClear           
000007f1  SysCtlResetCauseGet             
0000032d  SysCtlSRAMSizeGet               
000007cd  SysCtlSleep                     
000007a1  SysCtlSleepPowerSet             
0000105b  SysCtlUSBPLLDisable             
0000104f  SysCtlUSBPLLEnable              
000010a1  SysCtlVCOGet                    
00001089  SysCtlVoltageEventClear         
0000106d  SysCtlVoltageEventConfig        
0000107d  SysCtlVoltageEventStatus        
20000470  __STACK_END                     
00000200  __STACK_SIZE                    
20000470  __STACK_TOP                     
000019d4  __TI_CINIT_Base                 
000019dc  __TI_CINIT_Limit                
000019d0  __TI_Handler_Table_Base         
000019d4  __TI_Handler_Table_Limit        
000015f1  __TI_auto_init_nobinit_nopinit  
ffffffff  __TI_pprof_out_hndl             
ffffffff  __TI_prof_data_size             
ffffffff  __TI_prof_data_start            
00000000  __TI_static_base__              
000016c9  __TI_zero_init_nomemset         
ffffffff  __binit__                       
ffffffff  __c_args__                      
UNDEFED   __mpu_init                      
20000270  __stack                         
20000000  __start___llvm_prf_cnts         
20000000  __stop___llvm_prf_cnts          
00001669  _c_int00_noargs                 
UNDEFED   _system_post_cinit              
00001743  _system_pre_init                
00001747  abort                           
ffffffff  binit                           
20000000  g_pfnRAMVectors                 
00000000  g_pfnVectors                    
00001715  main                            
000011b9  otuzhexgonder                   
UNDEFED   satir_sutun                     


GLOBAL SYMBOLS: SORTED BY Symbol Address 

address   name                            
-------   ----                            
00000000  __TI_static_base__              
00000000  g_pfnVectors                    
00000200  __STACK_SIZE                    
0000032d  SysCtlSRAMSizeGet               
00000337  SysCtlFlashSizeGet              
00000363  SysCtlFlashSectorSizeGet        
00000389  SysCtlPeripheralPresent         
000003c9  SysCtlPeripheralReady           
00000409  SysCtlPeripheralPowerOn         
00000445  SysCtlPeripheralPowerOff        
00000481  SysCtlPeripheralReset           
00000509  SysCtlPeripheralEnable          
00000545  SysCtlPeripheralDisable         
00000589  SysCtlPeripheralSleepEnable     
000005cd  SysCtlPeripheralSleepDisable    
00000609  SysCtlPeripheralDeepSleepEnable 
00000659  SysCtlPeripheralDeepSleepDisable
000006a1  SysCtlPeripheralClockGating     
000006f5  SysCtlIntRegister               
0000070d  SysCtlIntUnregister             
0000071d  SysCtlIntEnable                 
00000731  SysCtlIntDisable                
00000749  SysCtlIntClear                  
00000759  SysCtlIntStatus                 
00000775  SysCtlLDOSleepSet               
00000785  SysCtlLDOSleepGet               
0000078b  SysCtlLDODeepSleepSet           
0000079b  SysCtlLDODeepSleepGet           
000007a1  SysCtlSleepPowerSet             
000007b5  SysCtlDeepSleepPowerSet         
000007c5  SysCtlReset                     
000007cd  SysCtlSleep                     
000007d5  SysCtlDeepSleep                 
000007f1  SysCtlResetCauseGet             
000007f7  SysCtlResetCauseClear           
0000080b  SysCtlMOSCConfigSet             
00000821  SysCtlPIOSCCalibrate            
00000871  SysCtlResetBehaviorSet          
00000881  SysCtlResetBehaviorGet          
000008d1  SysCtlClockFreqSet              
00000bc9  SysCtlClockSet                  
00000d99  SysCtlClockGet                  
00000f3f  SysCtlDeepSleepClockSet         
00000f5d  SysCtlDeepSleepClockConfigSet   
00000fe7  SysCtlPWMClockSet               
00001001  SysCtlPWMClockGet               
00001017  SysCtlGPIOAHBEnable             
00001033  SysCtlGPIOAHBDisable            
0000104f  SysCtlUSBPLLEnable              
0000105b  SysCtlUSBPLLDisable             
0000106d  SysCtlVoltageEventConfig        
0000107d  SysCtlVoltageEventStatus        
00001089  SysCtlVoltageEventClear         
000010a1  SysCtlVCOGet                    
0000115d  SysCtlNMIStatus                 
00001171  SysCtlNMIClear                  
0000118d  SysCtlClockOutConfig            
000011a9  SysCtlAltClkConfig              
000011b9  otuzhexgonder                   
000011f5  LcdIlkAyar                      
00001225  LcdKomut                        
000012a9  LcdTemizle                      
000012b9  SatirSutun                      
0000130d  LcdYaz                          
000013b5  GPIOPadConfigSet                
00001521  IntDisable                      
00001589  IntEnable                       
000015f1  __TI_auto_init_nobinit_nopinit  
00001635  IntRegister                     
00001669  _c_int00_noargs                 
0000169d  GPIODirModeSet                  
000016c9  __TI_zero_init_nomemset         
000016e5  GPIOPinTypeGPIOOutput           
00001701  IntUnregister                   
00001715  main                            
00001727  ResetISR                        
00001733  GPIOPinWrite                    
00001739  SysCtlDelay                     
0000173f  CPUwfi                          
00001743  _system_pre_init                
00001747  C$$EXIT                         
00001747  abort                           
000019d0  __TI_Handler_Table_Base         
000019d4  __TI_CINIT_Base                 
000019d4  __TI_Handler_Table_Limit        
000019dc  __TI_CINIT_Limit                
20000000  __start___llvm_prf_cnts         
20000000  __stop___llvm_prf_cnts          
20000000  g_pfnRAMVectors                 
20000270  __stack                         
20000470  __STACK_END                     
20000470  __STACK_TOP                     
ffffffff  __TI_pprof_out_hndl             
ffffffff  __TI_prof_data_size             
ffffffff  __TI_prof_data_start            
ffffffff  __binit__                       
ffffffff  __c_args__                      
ffffffff  binit                           
UNDEFED   __mpu_init                      
UNDEFED   _system_post_cinit              
UNDEFED   satir_sutun                     

[101 symbols]
