******************************************************************************
                  TI ARM Linker PC v20.2.1                     
******************************************************************************
>> Linked Thu Nov 12 19:19:12 2020

OUTPUT FILE NAME:   <Odev1.out>
ENTRY POINT SYMBOL: "_c_int00_noargs"  address: 00000a25


MEMORY CONFIGURATION

         name            origin    length      used     unused   attr    fill
----------------------  --------  ---------  --------  --------  ----  --------
  FLASH                 00000000   00040000  00000d0a  0003f2f6  R  X
  SRAM                  20000000   00008000  0000046c  00007b94  RW X


SEGMENT ALLOCATION MAP

run origin  load origin   length   init length attrs members
----------  ----------- ---------- ----------- ----- -------
00000000    00000000    00000d0c   00000d0c    r-x
  00000000    00000000    0000026c   0000026c    r-- .intvecs
  0000026c    0000026c    000008de   000008de    r-x .text
  00000b4c    00000b4c    000001ac   000001ac    r-- .const
  00000cf8    00000cf8    00000014   00000014    r-- .cinit
20000000    20000000    00000470   00000000    rw-
  20000000    20000000    0000026c   00000000    rw- .vtable
  20000270    20000270    00000200   00000000    rw- .stack


SECTION ALLOCATION MAP

 output                                  attributes/
section   page    origin      length       input sections
--------  ----  ----------  ----------   ----------------
.intvecs   0    00000000    0000026c     
                  00000000    0000026c     tm4c123gh6pm_startup_ccs.obj (.intvecs)

.text      0    0000026c    000008de     
                  0000026c    000002bc     lcd.obj (.text)
                  00000528    0000016c     driverlib.lib : gpio.obj (.text:GPIOPadConfigSet)
                  00000694    000000f4                   : sysctl.obj (.text:SysCtlClockSet)
                  00000788    000000ec     main.obj (.text)
                  00000874    00000068     driverlib.lib : interrupt.obj (.text:IntEnable)
                  000008dc    00000058                   : gpio.obj (.text:GPIOIntTypeSet)
                  00000934    00000044                   : gpio.obj (.text:_GPIOIntNumberGet)
                  00000978    00000044     rtsv7M4_T_le_v4SPD16_eabi.lib : autoinit.c.obj (.text:__TI_auto_init_nobinit_nopinit:__TI_auto_init_nobinit_nopinit)
                  000009bc    00000034     driverlib.lib : interrupt.obj (.text:IntRegister)
                  000009f0    00000034                   : sysctl.obj (.text:SysCtlPeripheralEnable)
                  00000a24    00000034     rtsv7M4_T_le_v4SPD16_eabi.lib : boot_cortex_m.c.obj (.text:_c_int00_noargs:_c_int00_noargs)
                  00000a58    0000002c     driverlib.lib : gpio.obj (.text:GPIODirModeSet)
                  00000a84    0000001c     rtsv7M4_T_le_v4SPD16_eabi.lib : copy_zero_init.c.obj (.text:decompress:ZI:__TI_zero_init_nomemset:__TI_zero_init_nomemset)
                  00000aa0    0000001a     driverlib.lib : gpio.obj (.text:GPIOPinTypeGPIOOutput)
                  00000aba    00000018                   : gpio.obj (.text:GPIOIntRegister)
                  00000ad2    00000016                   : gpio.obj (.text:GPIOPinTypeGPIOInput)
                  00000ae8    00000010                   : interrupt.obj (.text:IntMasterEnable)
                  00000af8    0000000e                   : gpio.obj (.text:GPIOIntStatus)
                  00000b06    0000000c                   : cpu.obj (.text:CPUcpsie)
                  00000b12    0000000c                   : gpio.obj (.text:GPIOIntEnable)
                  00000b1e    0000000c     tm4c123gh6pm_startup_ccs.obj (.text)
                  00000b2a    00000006     driverlib.lib : gpio.obj (.text:GPIOIntClear)
                  00000b30    00000006                   : gpio.obj (.text:GPIOPinRead)
                  00000b36    00000006                   : gpio.obj (.text:GPIOPinWrite)
                  00000b3c    00000006                   : sysctl.obj (.text:SysCtlDelay)
                  00000b42    00000004     rtsv7M4_T_le_v4SPD16_eabi.lib : pre_init.c.obj (.text:_system_pre_init)
                  00000b46    00000004                                   : exit.c.obj (.text:abort:abort)

.const     0    00000b4c    000001ac     
                  00000b4c    000000d8     driverlib.lib : gpio.obj (.const:g_ppui32GPIOIntMapSnowflake)
                  00000c24    000000c0                   : gpio.obj (.const:g_ppui32GPIOIntMapBlizzard)
                  00000ce4    00000014                   : interrupt.obj (.const:g_pui32EnRegs)

.cinit     0    00000cf8    00000014     
                  00000cf8    00000008     (.cinit..vtable.load) [load image, compression = zero_init]
                  00000d00    00000004     (__TI_handler_table)
                  00000d04    00000008     (__TI_cinit_table)

.init_array 
*          0    00000000    00000000     UNINITIALIZED

.vtable    0    20000000    0000026c     UNINITIALIZED
                  20000000    0000026c     driverlib.lib : interrupt.obj (.vtable)

.stack     0    20000270    00000200     UNINITIALIZED
                  20000270    00000004     rtsv7M4_T_le_v4SPD16_eabi.lib : boot_cortex_m.c.obj (.stack)
                  20000274    000001fc     --HOLE--

__llvm_prf_cnts 
*          0    20000000    00000000     UNINITIALIZED

MODULE SUMMARY

       Module                         code   ro data   rw data
       ------                         ----   -------   -------
    .\
       lcd.obj                        700    0         0      
       tm4c123gh6pm_startup_ccs.obj   12     620       0      
       main.obj                       236    0         0      
    +--+------------------------------+------+---------+---------+
       Total:                         948    620       0      
                                                              
    C:/ti/TivaWare_C_Series-2.2.0.295/driverlib/ccs/Debug/driverlib.lib
       gpio.obj                       680    408       0      
       interrupt.obj                  172    20        620    
       sysctl.obj                     302    0         0      
       cpu.obj                        12     0         0      
    +--+------------------------------+------+---------+---------+
       Total:                         1166   428       620    
                                                              
    C:\ti\ccs1011\ccs\tools\compiler\ti-cgt-arm_20.2.1.LTS\lib\rtsv7M4_T_le_v4SPD16_eabi.lib
       autoinit.c.obj                 68     0         0      
       boot_cortex_m.c.obj            52     0         0      
       copy_zero_init.c.obj           28     0         0      
       exit.c.obj                     4      0         0      
       pre_init.c.obj                 4      0         0      
    +--+------------------------------+------+---------+---------+
       Total:                         156    0         0      
                                                              
       Stack:                         0      0         512    
       Linker Generated:              0      20        0      
    +--+------------------------------+------+---------+---------+
       Grand Total:                   2270   1068      1132   


LINKER GENERATED COPY TABLES

__TI_cinit_table @ 00000d04 records: 1, size/record: 8, table size: 8
	.vtable: load addr=00000cf8, load size=00000008 bytes, run addr=20000000, run size=0000026c bytes, compression=zero_init


LINKER GENERATED HANDLER TABLE

__TI_handler_table @ 00000d00 records: 1, size/record: 4, table size: 4
	index: 0, handler: __TI_zero_init


GLOBAL SYMBOLS: SORTED ALPHABETICALLY BY Name 

address   name                          
-------   ----                          
00000b47  C$$EXIT                       
00000b07  CPUcpsie                      
00000a59  GPIODirModeSet                
00000b2b  GPIOIntClear                  
00000b13  GPIOIntEnable                 
00000abb  GPIOIntRegister               
00000af9  GPIOIntStatus                 
000008dd  GPIOIntTypeSet                
00000529  GPIOPadConfigSet              
00000b31  GPIOPinRead                   
00000ad3  GPIOPinTypeGPIOInput          
00000aa1  GPIOPinTypeGPIOOutput         
00000b37  GPIOPinWrite                  
00000875  IntEnable                     
00000ae9  IntMasterEnable               
000009bd  IntRegister                   
0000042f  LCD_sil                       
00000b1f  ResetISR                      
00000695  SysCtlClockSet                
00000b3d  SysCtlDelay                   
000009f1  SysCtlPeripheralEnable        
20000470  __STACK_END                   
00000200  __STACK_SIZE                  
20000470  __STACK_TOP                   
00000d04  __TI_CINIT_Base               
00000d0c  __TI_CINIT_Limit              
00000d00  __TI_Handler_Table_Base       
00000d04  __TI_Handler_Table_Limit      
00000979  __TI_auto_init_nobinit_nopinit
ffffffff  __TI_pprof_out_hndl           
ffffffff  __TI_prof_data_size           
ffffffff  __TI_prof_data_start          
00000000  __TI_static_base__            
00000a85  __TI_zero_init_nomemset       
ffffffff  __binit__                     
ffffffff  __c_args__                    
UNDEFED   __mpu_init                    
20000270  __stack                       
20000000  __start___llvm_prf_cnts       
20000000  __stop___llvm_prf_cnts        
00000a25  _c_int00_noargs               
UNDEFED   _system_post_cinit            
00000b43  _system_pre_init              
00000b47  abort                         
0000026d  baslangic                     
ffffffff  binit                         
20000000  g_pfnRAMVectors               
00000000  g_pfnVectors                  
00000361  komut_yaz                     
00000789  main                          
000004df  portfkesmesifonksiyonu        
000003e5  satir_sutun                   
0000043f  veri                          
000004c3  veri_yaz                      


GLOBAL SYMBOLS: SORTED BY Symbol Address 

address   name                          
-------   ----                          
00000000  __TI_static_base__            
00000000  g_pfnVectors                  
00000200  __STACK_SIZE                  
0000026d  baslangic                     
00000361  komut_yaz                     
000003e5  satir_sutun                   
0000042f  LCD_sil                       
0000043f  veri                          
000004c3  veri_yaz                      
000004df  portfkesmesifonksiyonu        
00000529  GPIOPadConfigSet              
00000695  SysCtlClockSet                
00000789  main                          
00000875  IntEnable                     
000008dd  GPIOIntTypeSet                
00000979  __TI_auto_init_nobinit_nopinit
000009bd  IntRegister                   
000009f1  SysCtlPeripheralEnable        
00000a25  _c_int00_noargs               
00000a59  GPIODirModeSet                
00000a85  __TI_zero_init_nomemset       
00000aa1  GPIOPinTypeGPIOOutput         
00000abb  GPIOIntRegister               
00000ad3  GPIOPinTypeGPIOInput          
00000ae9  IntMasterEnable               
00000af9  GPIOIntStatus                 
00000b07  CPUcpsie                      
00000b13  GPIOIntEnable                 
00000b1f  ResetISR                      
00000b2b  GPIOIntClear                  
00000b31  GPIOPinRead                   
00000b37  GPIOPinWrite                  
00000b3d  SysCtlDelay                   
00000b43  _system_pre_init              
00000b47  C$$EXIT                       
00000b47  abort                         
00000d00  __TI_Handler_Table_Base       
00000d04  __TI_CINIT_Base               
00000d04  __TI_Handler_Table_Limit      
00000d0c  __TI_CINIT_Limit              
20000000  __start___llvm_prf_cnts       
20000000  __stop___llvm_prf_cnts        
20000000  g_pfnRAMVectors               
20000270  __stack                       
20000470  __STACK_END                   
20000470  __STACK_TOP                   
ffffffff  __TI_pprof_out_hndl           
ffffffff  __TI_prof_data_size           
ffffffff  __TI_prof_data_start          
ffffffff  __binit__                     
ffffffff  __c_args__                    
ffffffff  binit                         
UNDEFED   __mpu_init                    
UNDEFED   _system_post_cinit            

[54 symbols]
