******************************************************************************
                  TI ARM Linker PC v20.2.7                     
******************************************************************************
>> Linked Tue Jan  7 21:15:18 2025

OUTPUT FILE NAME:   <proje 5.out>
ENTRY POINT SYMBOL: "_c_int00_noinit_noargs"  address: 00000769


MEMORY CONFIGURATION

         name            origin    length      used     unused   attr    fill
----------------------  --------  ---------  --------  --------  ----  --------
  FLASH                 00000000   00040000  000008c8  0003f738  R  X
  SRAM                  20000000   00008000  00000200  00007e00  RW X


SEGMENT ALLOCATION MAP

run origin  load origin   length   init length attrs members
----------  ----------- ---------- ----------- ----- -------
00000000    00000000    000008c8   000008c8    r-x
  00000000    00000000    0000026c   0000026c    r-- .intvecs
  0000026c    0000026c    000005f0   000005f0    r-x .text
  0000085c    0000085c    0000006c   0000006c    r-- .const
20000000    20000000    00000200   00000000    rw-
  20000000    20000000    00000200   00000000    rw- .stack


SECTION ALLOCATION MAP

 output                                  attributes/
section   page    origin      length       input sections
--------  ----  ----------  ----------   ----------------
.intvecs   0    00000000    0000026c     
                  00000000    0000026c     tm4c123gh6pm_startup_ccs.obj (.intvecs)

.text      0    0000026c    000005f0     
                  0000026c    0000016c     driverlib.lib : gpio.obj (.text:GPIOPadConfigSet)
                  000003d8    00000118                   : sysctl.obj (.text:SysCtlClockGet)
                  000004f0    000000f4                   : sysctl.obj (.text:SysCtlClockSet)
                  000005e4    00000094     main.obj (.text)
                  00000678    00000064     driverlib.lib : hibernate.obj (.text:HibernateWakeSet)
                  000006dc    00000034                   : sysctl.obj (.text:SysCtlPeripheralEnable)
                  00000710    0000002c                   : gpio.obj (.text:GPIODirModeSet)
                  0000073c    0000002c                   : hibernate.obj (.text:HibernateRTCSet)
                  00000768    0000002c     rtsv7M4_T_le_v4SPD16_eabi.lib : boot_cortex_m.c.obj (.text:_c_int00_noinit_noargs:_c_int00_noinit_noargs)
                  00000794    0000001a     driverlib.lib : gpio.obj (.text:GPIOPinTypeGPIOOutput)
                  000007ae    00000002     --HOLE-- [fill = 0]
                  000007b0    00000018                   : hibernate.obj (.text:HibernateGPIORetentionEnable)
                  000007c8    00000016                   : gpio.obj (.text:GPIOPinTypeGPIOInput)
                  000007de    00000002     --HOLE-- [fill = 0]
                  000007e0    00000014                   : hibernate.obj (.text:HibernateEnableExpClk)
                  000007f4    00000014                   : hibernate.obj (.text:HibernateRTCEnable)
                  00000808    00000014                   : hibernate.obj (.text:HibernateRequest)
                  0000081c    00000010                   : hibernate.obj (.text:HibernateRTCMatchSet)
                  0000082c    00000010                   : hibernate.obj (.text:_HibernateWriteComplete)
                  0000083c    0000000c     tm4c123gh6pm_startup_ccs.obj (.text)
                  00000848    00000006     driverlib.lib : gpio.obj (.text:GPIOPinWrite)
                  0000084e    00000006                   : sysctl.obj (.text:SysCtlDelay)
                  00000854    00000004     rtsv7M4_T_le_v4SPD16_eabi.lib : pre_init.c.obj (.text:_system_pre_init)
                  00000858    00000004                                   : exit.c.obj (.text:abort:abort)

.const     0    0000085c    0000006c     
                  0000085c    0000006c     driverlib.lib : sysctl.obj (.const:g_pui32Xtals)

.cinit     0    00000000    00000000     UNINITIALIZED

.init_array 
*          0    00000000    00000000     UNINITIALIZED

.stack     0    20000000    00000200     UNINITIALIZED
                  20000000    00000004     rtsv7M4_T_le_v4SPD16_eabi.lib : boot_cortex_m.c.obj (.stack)
                  20000004    000001fc     --HOLE--

__llvm_prf_cnts 
*          0    20000000    00000000     UNINITIALIZED

MODULE SUMMARY

       Module                         code   ro data   rw data
       ------                         ----   -------   -------
    .\
       tm4c123gh6pm_startup_ccs.obj   12     620       0      
       main.obj                       148    0         0      
    +--+------------------------------+------+---------+---------+
       Total:                         160    620       0      
                                                              
    C:/ti/TivaWare_C_Series-2.2.0.295/driverlib/ccs/Debug/driverlib.lib
       sysctl.obj                     582    108       0      
       gpio.obj                       462    0         0      
       hibernate.obj                  260    0         0      
    +--+------------------------------+------+---------+---------+
       Total:                         1304   108       0      
                                                              
    C:\ti\ccs1281\ccs\tools\compiler\ti-cgt-arm_20.2.7.LTS\lib\rtsv7M4_T_le_v4SPD16_eabi.lib
       boot_cortex_m.c.obj            44     0         0      
       exit.c.obj                     4      0         0      
       pre_init.c.obj                 4      0         0      
    +--+------------------------------+------+---------+---------+
       Total:                         52     0         0      
                                                              
       Stack:                         0      0         512    
    +--+------------------------------+------+---------+---------+
       Grand Total:                   1516   728       512    


GLOBAL SYMBOLS: SORTED ALPHABETICALLY BY Name 

address   name                        
-------   ----                        
00000859  C$$EXIT                     
00000711  GPIODirModeSet              
0000026d  GPIOPadConfigSet            
000007c9  GPIOPinTypeGPIOInput        
00000795  GPIOPinTypeGPIOOutput       
00000849  GPIOPinWrite                
000007e1  HibernateEnableExpClk       
000007b1  HibernateGPIORetentionEnable
000007f5  HibernateRTCEnable          
0000081d  HibernateRTCMatchSet        
0000073d  HibernateRTCSet             
00000809  HibernateRequest            
00000679  HibernateWakeSet            
0000083d  ResetISR                    
000003d9  SysCtlClockGet              
000004f1  SysCtlClockSet              
0000084f  SysCtlDelay                 
000006dd  SysCtlPeripheralEnable      
20000200  __STACK_END                 
00000200  __STACK_SIZE                
20000200  __STACK_TOP                 
ffffffff  __TI_pprof_out_hndl         
ffffffff  __TI_prof_data_size         
ffffffff  __TI_prof_data_start        
00000000  __TI_static_base__          
ffffffff  __binit__                   
ffffffff  __c_args__                  
UNDEFED   __mpu_init                  
20000000  __stack                     
20000000  __start___llvm_prf_cnts     
20000000  __stop___llvm_prf_cnts      
00000769  _c_int00_noinit_noargs      
00000855  _system_pre_init            
00000859  abort                       
ffffffff  binit                       
00000000  g_pfnVectors                
000005e5  main                        


GLOBAL SYMBOLS: SORTED BY Symbol Address 

address   name                        
-------   ----                        
00000000  __TI_static_base__          
00000000  g_pfnVectors                
00000200  __STACK_SIZE                
0000026d  GPIOPadConfigSet            
000003d9  SysCtlClockGet              
000004f1  SysCtlClockSet              
000005e5  main                        
00000679  HibernateWakeSet            
000006dd  SysCtlPeripheralEnable      
00000711  GPIODirModeSet              
0000073d  HibernateRTCSet             
00000769  _c_int00_noinit_noargs      
00000795  GPIOPinTypeGPIOOutput       
000007b1  HibernateGPIORetentionEnable
000007c9  GPIOPinTypeGPIOInput        
000007e1  HibernateEnableExpClk       
000007f5  HibernateRTCEnable          
00000809  HibernateRequest            
0000081d  HibernateRTCMatchSet        
0000083d  ResetISR                    
00000849  GPIOPinWrite                
0000084f  SysCtlDelay                 
00000855  _system_pre_init            
00000859  C$$EXIT                     
00000859  abort                       
20000000  __stack                     
20000000  __start___llvm_prf_cnts     
20000000  __stop___llvm_prf_cnts      
20000200  __STACK_END                 
20000200  __STACK_TOP                 
ffffffff  __TI_pprof_out_hndl         
ffffffff  __TI_prof_data_size         
ffffffff  __TI_prof_data_start        
ffffffff  __binit__                   
ffffffff  __c_args__                  
ffffffff  binit                       
UNDEFED   __mpu_init                  

[37 symbols]
