******************************************************************************
                  TI ARM Linker PC v20.2.7                     
******************************************************************************
>> Linked Sun Nov 17 01:04:23 2024

OUTPUT FILE NAME:   <lcd_saat_odev.out>
ENTRY POINT SYMBOL: "_c_int00_noargs"  address: 00002111


MEMORY CONFIGURATION

         name            origin    length      used     unused   attr    fill
----------------------  --------  ---------  --------  --------  ----  --------
  FLASH                 00000000   00040000  0000256a  0003da96  R  X
  SRAM                  20000000   00008000  00000484  00007b7c  RW X


SEGMENT ALLOCATION MAP

run origin  load origin   length   init length attrs members
----------  ----------- ---------- ----------- ----- -------
00000000    00000000    00002570   00002570    r-x
  00000000    00000000    0000026c   0000026c    r-- .intvecs
  0000026c    0000026c    00001fb2   00001fb2    r-x .text
  00002220    00002220    0000031c   0000031c    r-- .const
  00002540    00002540    00000030   00000030    r-- .cinit
20000000    20000000    00000488   00000000    rw-
  20000000    20000000    0000026c   00000000    rw- .vtable
  20000270    20000270    00000200   00000000    rw- .stack
  20000470    20000470    00000018   00000000    rw- .data


SECTION ALLOCATION MAP

 output                                  attributes/
section   page    origin      length       input sections
--------  ----  ----------  ----------   ----------------
.intvecs   0    00000000    0000026c     
                  00000000    0000026c     tm4c123gh6pm_startup_ccs.obj (.intvecs)

.text      0    0000026c    00001fb2     
                  0000026c    00001830     main.obj (.text)
                  00001a9c    000002bc     lcd.obj (.text)
                  00001d58    0000016c     driverlib.lib : gpio.obj (.text:GPIOPadConfigSet)
                  00001ec4    0000009c     rtsv7M4_T_le_v4SPD16_eabi.lib : memcpy_t2.asm.obj (.text)
                  00001f60    00000068     driverlib.lib : interrupt.obj (.text:IntDisable)
                  00001fc8    00000068                   : interrupt.obj (.text:IntEnable)
                  00002030    00000068     rtsv7M4_T_le_v4SPD16_eabi.lib : copy_decompress_lzss.c.obj (.text:decompress:lzss:__TI_decompress_lzss)
                  00002098    00000044                                   : autoinit.c.obj (.text:__TI_auto_init_nobinit_nopinit:__TI_auto_init_nobinit_nopinit)
                  000020dc    00000034     driverlib.lib : interrupt.obj (.text:IntRegister)
                  00002110    00000034     rtsv7M4_T_le_v4SPD16_eabi.lib : boot_cortex_m.c.obj (.text:_c_int00_noargs:_c_int00_noargs)
                  00002144    0000002c     driverlib.lib : gpio.obj (.text:GPIODirModeSet)
                  00002170    0000001c     rtsv7M4_T_le_v4SPD16_eabi.lib : copy_zero_init.c.obj (.text:decompress:ZI:__TI_zero_init_nomemset:__TI_zero_init_nomemset)
                  0000218c    0000001a     driverlib.lib : gpio.obj (.text:GPIOPinTypeGPIOOutput)
                  000021a6    00000002                   : interrupt.obj (.text:_IntDefaultHandler)
                  000021a8    00000014                   : interrupt.obj (.text:IntUnregister)
                  000021bc    00000010                   : interrupt.obj (.text:IntMasterEnable)
                  000021cc    0000000e                   : gpio.obj (.text:GPIOIntStatus)
                  000021da    0000000e     rtsv7M4_T_le_v4SPD16_eabi.lib : copy_decompress_none.c.obj (.text:decompress:none:__TI_decompress_none)
                  000021e8    0000000c     driverlib.lib : cpu.obj (.text:CPUcpsie)
                  000021f4    0000000c     tm4c123gh6pm_startup_ccs.obj (.text)
                  00002200    00000006     driverlib.lib : gpio.obj (.text:GPIOIntClear)
                  00002206    00000006                   : gpio.obj (.text:GPIOPinWrite)
                  0000220c    00000006     main.obj (.text:SysCtlDelay)
                  00002212    00000004     driverlib.lib : cpu.obj (.text:CPUwfi)
                  00002216    00000004     rtsv7M4_T_le_v4SPD16_eabi.lib : pre_init.c.obj (.text:_system_pre_init)
                  0000221a    00000004                                   : exit.c.obj (.text:abort:abort)

.const     0    00002220    0000031c     
                  00002220    000001b0     main.obj (.const:g_pppui32XTALtoVCO)
                  000023d0    0000006c     main.obj (.const:g_pui32Xtals)
                  0000243c    00000060     main.obj (.const:g_ppui32TimerIntMap)
                  0000249c    00000040     main.obj (.const:g_ppui32TimerIntMapSnowflake)
                  000024dc    00000030     main.obj (.const:g_sXTALtoMEMTIM)
                  0000250c    00000014     driverlib.lib : interrupt.obj (.const:g_pui32Dii16Regs)
                  00002520    00000014                   : interrupt.obj (.const:g_pui32EnRegs)
                  00002534    00000008     main.obj (.const:g_pui32VCOFrequencies)

.cinit     0    00002540    00000030     
                  00002540    0000000c     (__TI_handler_table)
                  0000254c    00000008     (.cinit..data.load) [load image, compression = lzss]
                  00002554    00000004     --HOLE-- [fill = 0]
                  00002558    00000008     (.cinit..vtable.load) [load image, compression = zero_init]
                  00002560    00000010     (__TI_cinit_table)

.init_array 
*          0    00000000    00000000     UNINITIALIZED

.vtable    0    20000000    0000026c     UNINITIALIZED
                  20000000    0000026c     driverlib.lib : interrupt.obj (.vtable)

.data      0    20000470    00000018     UNINITIALIZED
                  20000470    00000018     main.obj (.data)

.stack     0    20000270    00000200     UNINITIALIZED
                  20000270    00000004     rtsv7M4_T_le_v4SPD16_eabi.lib : boot_cortex_m.c.obj (.stack)
                  20000274    000001fc     --HOLE--

__llvm_prf_cnts 
*          0    20000000    00000000     UNINITIALIZED

MODULE SUMMARY

       Module                         code   ro data   rw data
       ------                         ----   -------   -------
    .\
       main.obj                       6198   756       24     
       lcd.obj                        700    0         0      
       tm4c123gh6pm_startup_ccs.obj   12     620       0      
    +--+------------------------------+------+---------+---------+
       Total:                         6910   1376      24     
                                                              
    C:/ti/TivaWare_C_Series-2.2.0.295/driverlib/ccs/Debug/driverlib.lib
       interrupt.obj                  298    40        620    
       gpio.obj                       460    0         0      
       cpu.obj                        16     0         0      
    +--+------------------------------+------+---------+---------+
       Total:                         774    40        620    
                                                              
    C:\ti\ccs1281\ccs\tools\compiler\ti-cgt-arm_20.2.7.LTS\lib\rtsv7M4_T_le_v4SPD16_eabi.lib
       memcpy_t2.asm.obj              156    0         0      
       copy_decompress_lzss.c.obj     104    0         0      
       autoinit.c.obj                 68     0         0      
       boot_cortex_m.c.obj            52     0         0      
       copy_zero_init.c.obj           28     0         0      
       copy_decompress_none.c.obj     14     0         0      
       exit.c.obj                     4      0         0      
       pre_init.c.obj                 4      0         0      
    +--+------------------------------+------+---------+---------+
       Total:                         430    0         0      
                                                              
       Stack:                         0      0         512    
       Linker Generated:              0      44        0      
    +--+------------------------------+------+---------+---------+
       Grand Total:                   8114   1460      1156   


LINKER GENERATED COPY TABLES

__TI_cinit_table @ 00002560 records: 2, size/record: 8, table size: 16
	.data: load addr=0000254c, load size=00000008 bytes, run addr=20000470, run size=00000018 bytes, compression=lzss
	.vtable: load addr=00002558, load size=00000008 bytes, run addr=20000000, run size=0000026c bytes, compression=zero_init


LINKER GENERATED HANDLER TABLE

__TI_handler_table @ 00002540 records: 3, size/record: 4, table size: 12
	index: 0, handler: __TI_zero_init
	index: 1, handler: __TI_decompress_lzss
	index: 2, handler: __TI_decompress_none


GLOBAL SYMBOLS: SORTED ALPHABETICALLY BY Name 

address   name                            
-------   ----                            
0000221b  C$$EXIT                         
000021e9  CPUcpsie                        
00002213  CPUwfi                          
00002145  GPIODirModeSet                  
00002201  GPIOIntClear                    
000021cd  GPIOIntStatus                   
00001d59  GPIOPadConfigSet                
0000218d  GPIOPinTypeGPIOOutput           
00002207  GPIOPinWrite                    
00001f61  IntDisable                      
00001fc9  IntEnable                       
000021bd  IntMasterEnable                 
000020dd  IntRegister                     
000021a9  IntUnregister                   
00001c5f  LCD_sil                         
000021f5  ResetISR                        
000011a9  SysCtlAltClkConfig              
000008d1  SysCtlClockFreqSet              
00000d99  SysCtlClockGet                  
0000118d  SysCtlClockOutConfig            
00000bc9  SysCtlClockSet                  
000007d5  SysCtlDeepSleep                 
00000f5d  SysCtlDeepSleepClockConfigSet   
00000f3f  SysCtlDeepSleepClockSet         
000007b5  SysCtlDeepSleepPowerSet         
0000220d  SysCtlDelay                     
00000363  SysCtlFlashSectorSizeGet        
00000337  SysCtlFlashSizeGet              
00001033  SysCtlGPIOAHBDisable            
00001017  SysCtlGPIOAHBEnable             
00000749  SysCtlIntClear                  
00000731  SysCtlIntDisable                
0000071d  SysCtlIntEnable                 
000006f5  SysCtlIntRegister               
00000759  SysCtlIntStatus                 
0000070d  SysCtlIntUnregister             
0000079b  SysCtlLDODeepSleepGet           
0000078b  SysCtlLDODeepSleepSet           
00000785  SysCtlLDOSleepGet               
00000775  SysCtlLDOSleepSet               
0000080b  SysCtlMOSCConfigSet             
00001171  SysCtlNMIClear                  
0000115d  SysCtlNMIStatus                 
00000821  SysCtlPIOSCCalibrate            
00001001  SysCtlPWMClockGet               
00000fe7  SysCtlPWMClockSet               
000006a1  SysCtlPeripheralClockGating     
00000659  SysCtlPeripheralDeepSleepDisable
00000609  SysCtlPeripheralDeepSleepEnable 
00000545  SysCtlPeripheralDisable         
00000509  SysCtlPeripheralEnable          
00000445  SysCtlPeripheralPowerOff        
00000409  SysCtlPeripheralPowerOn         
00000389  SysCtlPeripheralPresent         
000003c9  SysCtlPeripheralReady           
00000481  SysCtlPeripheralReset           
000005cd  SysCtlPeripheralSleepDisable    
00000589  SysCtlPeripheralSleepEnable     
000007c5  SysCtlReset                     
00000881  SysCtlResetBehaviorGet          
00000871  SysCtlResetBehaviorSet          
000007f7  SysCtlResetCauseClear           
000007f1  SysCtlResetCauseGet             
0000032d  SysCtlSRAMSizeGet               
000007cd  SysCtlSleep                     
000007a1  SysCtlSleepPowerSet             
0000105b  SysCtlUSBPLLDisable             
0000104f  SysCtlUSBPLLEnable              
000010a1  SysCtlVCOGet                    
00001089  SysCtlVoltageEventClear         
0000106d  SysCtlVoltageEventConfig        
0000107d  SysCtlVoltageEventStatus        
000011c5  SysTickDisable                  
000011b9  SysTickEnable                   
00001209  SysTickIntDisable               
000011fd  SysTickIntEnable                
000011d1  SysTickIntRegister              
000011e9  SysTickIntUnregister            
00001227  SysTickPeriodGet                
00001215  SysTickPeriodSet                
0000122f  SysTickValueGet                 
00001845  TimerADCEventGet                
00001833  TimerADCEventSet                
0000155f  TimerClockSourceGet             
0000154b  TimerClockSourceSet             
00001309  TimerConfigure                  
00001439  TimerControlEvent               
00001389  TimerControlLevel               
00001471  TimerControlStall               
000013c5  TimerControlTrigger             
000014b1  TimerControlWaitOnTrigger       
00001865  TimerDMAEventGet                
00001853  TimerDMAEventSet                
000012dd  TimerDisable                    
000012bb  TimerEnable                     
0000180f  TimerIntClear                   
000017d9  TimerIntDisable                 
000017c1  TimerIntEnable                  
0000177b  TimerIntRegister                
000017f1  TimerIntStatus                  
000017a3  TimerIntUnregister              
00001633  TimerLoadGet                    
00001669  TimerLoadGet64                  
00001609  TimerLoadSet                    
0000164f  TimerLoadSet64                  
00001713  TimerMatchGet                   
00001749  TimerMatchGet64                 
000016e9  TimerMatchSet                   
0000172f  TimerMatchSet64                 
00001599  TimerPrescaleGet                
000015ed  TimerPrescaleMatchGet           
000015b5  TimerPrescaleMatchSet           
0000156f  TimerPrescaleSet                
00001535  TimerRTCDisable                 
00001519  TimerRTCEnable                  
00001821  TimerSynchronize                
00001873  TimerUpdateMode                 
0000169b  TimerValueGet                   
000016b7  TimerValueGet64                 
20000470  __STACK_END                     
00000200  __STACK_SIZE                    
20000470  __STACK_TOP                     
00002560  __TI_CINIT_Base                 
00002570  __TI_CINIT_Limit                
00002540  __TI_Handler_Table_Base         
0000254c  __TI_Handler_Table_Limit        
00002099  __TI_auto_init_nobinit_nopinit  
00002031  __TI_decompress_lzss            
000021db  __TI_decompress_none            
ffffffff  __TI_pprof_out_hndl             
ffffffff  __TI_prof_data_size             
ffffffff  __TI_prof_data_start            
00000000  __TI_static_base__              
00002171  __TI_zero_init_nomemset         
00001ec5  __aeabi_memcpy                  
00001ec5  __aeabi_memcpy4                 
00001ec5  __aeabi_memcpy8                 
ffffffff  __binit__                       
ffffffff  __c_args__                      
UNDEFED   __mpu_init                      
20000270  __stack                         
20000000  __start___llvm_prf_cnts         
20000000  __stop___llvm_prf_cnts          
00002111  _c_int00_noargs                 
UNDEFED   _system_post_cinit              
00002217  _system_pre_init                
0000221b  abort                           
00001a9d  baslangic                       
ffffffff  binit                           
20000478  dk_birler                       
2000047c  dk_onlar                        
20000000  g_pfnRAMVectors                 
00000000  g_pfnVectors                    
00001b91  komut_yaz                       
000018c7  main                            
00001ec5  memcpy                          
00001d0f  portfkesmesifonksiyonu          
20000480  saat_birler                     
20000484  saat_onlar                      
00001c15  satir_sutun                     
20000470  sn_birler                       
20000474  sn_onlar                        
00001923  timer0IntHandler                
00001c6f  veri                            
00001cf3  veri_yaz                        


GLOBAL SYMBOLS: SORTED BY Symbol Address 

address   name                            
-------   ----                            
00000000  __TI_static_base__              
00000000  g_pfnVectors                    
00000200  __STACK_SIZE                    
0000032d  SysCtlSRAMSizeGet               
00000337  SysCtlFlashSizeGet              
00000363  SysCtlFlashSectorSizeGet        
00000389  SysCtlPeripheralPresent         
000003c9  SysCtlPeripheralReady           
00000409  SysCtlPeripheralPowerOn         
00000445  SysCtlPeripheralPowerOff        
00000481  SysCtlPeripheralReset           
00000509  SysCtlPeripheralEnable          
00000545  SysCtlPeripheralDisable         
00000589  SysCtlPeripheralSleepEnable     
000005cd  SysCtlPeripheralSleepDisable    
00000609  SysCtlPeripheralDeepSleepEnable 
00000659  SysCtlPeripheralDeepSleepDisable
000006a1  SysCtlPeripheralClockGating     
000006f5  SysCtlIntRegister               
0000070d  SysCtlIntUnregister             
0000071d  SysCtlIntEnable                 
00000731  SysCtlIntDisable                
00000749  SysCtlIntClear                  
00000759  SysCtlIntStatus                 
00000775  SysCtlLDOSleepSet               
00000785  SysCtlLDOSleepGet               
0000078b  SysCtlLDODeepSleepSet           
0000079b  SysCtlLDODeepSleepGet           
000007a1  SysCtlSleepPowerSet             
000007b5  SysCtlDeepSleepPowerSet         
000007c5  SysCtlReset                     
000007cd  SysCtlSleep                     
000007d5  SysCtlDeepSleep                 
000007f1  SysCtlResetCauseGet             
000007f7  SysCtlResetCauseClear           
0000080b  SysCtlMOSCConfigSet             
00000821  SysCtlPIOSCCalibrate            
00000871  SysCtlResetBehaviorSet          
00000881  SysCtlResetBehaviorGet          
000008d1  SysCtlClockFreqSet              
00000bc9  SysCtlClockSet                  
00000d99  SysCtlClockGet                  
00000f3f  SysCtlDeepSleepClockSet         
00000f5d  SysCtlDeepSleepClockConfigSet   
00000fe7  SysCtlPWMClockSet               
00001001  SysCtlPWMClockGet               
00001017  SysCtlGPIOAHBEnable             
00001033  SysCtlGPIOAHBDisable            
0000104f  SysCtlUSBPLLEnable              
0000105b  SysCtlUSBPLLDisable             
0000106d  SysCtlVoltageEventConfig        
0000107d  SysCtlVoltageEventStatus        
00001089  SysCtlVoltageEventClear         
000010a1  SysCtlVCOGet                    
0000115d  SysCtlNMIStatus                 
00001171  SysCtlNMIClear                  
0000118d  SysCtlClockOutConfig            
000011a9  SysCtlAltClkConfig              
000011b9  SysTickEnable                   
000011c5  SysTickDisable                  
000011d1  SysTickIntRegister              
000011e9  SysTickIntUnregister            
000011fd  SysTickIntEnable                
00001209  SysTickIntDisable               
00001215  SysTickPeriodSet                
00001227  SysTickPeriodGet                
0000122f  SysTickValueGet                 
000012bb  TimerEnable                     
000012dd  TimerDisable                    
00001309  TimerConfigure                  
00001389  TimerControlLevel               
000013c5  TimerControlTrigger             
00001439  TimerControlEvent               
00001471  TimerControlStall               
000014b1  TimerControlWaitOnTrigger       
00001519  TimerRTCEnable                  
00001535  TimerRTCDisable                 
0000154b  TimerClockSourceSet             
0000155f  TimerClockSourceGet             
0000156f  TimerPrescaleSet                
00001599  TimerPrescaleGet                
000015b5  TimerPrescaleMatchSet           
000015ed  TimerPrescaleMatchGet           
00001609  TimerLoadSet                    
00001633  TimerLoadGet                    
0000164f  TimerLoadSet64                  
00001669  TimerLoadGet64                  
0000169b  TimerValueGet                   
000016b7  TimerValueGet64                 
000016e9  TimerMatchSet                   
00001713  TimerMatchGet                   
0000172f  TimerMatchSet64                 
00001749  TimerMatchGet64                 
0000177b  TimerIntRegister                
000017a3  TimerIntUnregister              
000017c1  TimerIntEnable                  
000017d9  TimerIntDisable                 
000017f1  TimerIntStatus                  
0000180f  TimerIntClear                   
00001821  TimerSynchronize                
00001833  TimerADCEventSet                
00001845  TimerADCEventGet                
00001853  TimerDMAEventSet                
00001865  TimerDMAEventGet                
00001873  TimerUpdateMode                 
000018c7  main                            
00001923  timer0IntHandler                
00001a9d  baslangic                       
00001b91  komut_yaz                       
00001c15  satir_sutun                     
00001c5f  LCD_sil                         
00001c6f  veri                            
00001cf3  veri_yaz                        
00001d0f  portfkesmesifonksiyonu          
00001d59  GPIOPadConfigSet                
00001ec5  __aeabi_memcpy                  
00001ec5  __aeabi_memcpy4                 
00001ec5  __aeabi_memcpy8                 
00001ec5  memcpy                          
00001f61  IntDisable                      
00001fc9  IntEnable                       
00002031  __TI_decompress_lzss            
00002099  __TI_auto_init_nobinit_nopinit  
000020dd  IntRegister                     
00002111  _c_int00_noargs                 
00002145  GPIODirModeSet                  
00002171  __TI_zero_init_nomemset         
0000218d  GPIOPinTypeGPIOOutput           
000021a9  IntUnregister                   
000021bd  IntMasterEnable                 
000021cd  GPIOIntStatus                   
000021db  __TI_decompress_none            
000021e9  CPUcpsie                        
000021f5  ResetISR                        
00002201  GPIOIntClear                    
00002207  GPIOPinWrite                    
0000220d  SysCtlDelay                     
00002213  CPUwfi                          
00002217  _system_pre_init                
0000221b  C$$EXIT                         
0000221b  abort                           
00002540  __TI_Handler_Table_Base         
0000254c  __TI_Handler_Table_Limit        
00002560  __TI_CINIT_Base                 
00002570  __TI_CINIT_Limit                
20000000  __start___llvm_prf_cnts         
20000000  __stop___llvm_prf_cnts          
20000000  g_pfnRAMVectors                 
20000270  __stack                         
20000470  __STACK_END                     
20000470  __STACK_TOP                     
20000470  sn_birler                       
20000474  sn_onlar                        
20000478  dk_birler                       
2000047c  dk_onlar                        
20000480  saat_birler                     
20000484  saat_onlar                      
ffffffff  __TI_pprof_out_hndl             
ffffffff  __TI_prof_data_size             
ffffffff  __TI_prof_data_start            
ffffffff  __binit__                       
ffffffff  __c_args__                      
ffffffff  binit                           
UNDEFED   __mpu_init                      
UNDEFED   _system_post_cinit              

[165 symbols]
